******************************************************************************
                  TI ARM Linker Unix v18.12.4                  
******************************************************************************
>> Linked Tue May 26 22:55:05 2020

OUTPUT FILE NAME:   <SystemMasterController_MSP_EXP432E411Y_tirtos_ccs.out>
ENTRY POINT SYMBOL: "_c_int00"  address: 000323b5


MEMORY CONFIGURATION

         name            origin    length      used     unused   attr    fill
----------------------  --------  ---------  --------  --------  ----  --------
  FLASH                 00004000   000fc000  0005fdb3  0009c24d  R  X
  SRAM                  20000000   00040000  000324b4  0000db4c  RW X


SEGMENT ALLOCATION MAP

run origin  load origin   length   init length attrs members
----------  ----------- ---------- ----------- ----- -------
00004000    00004000    0003fdc0   0003fdc0    r-x
  00004000    00004000    0000003c   0000003c    r-- .resetVecs
  0000403c    0000403c    00000020   00000020    r-- .crcheader
  00004060    00004060    00038c4a   00038c4a    r-x .text
  0003ccac    0003ccac    00006055   00006055    r-- .const
  00042d08    00042d08    000010b8   000010b8    r-- .cinit
000e0000    000e0000    00020000   00000000    rw-
  000e0000    000e0000    00020000   00000000    rw- .TI.bound:flashBuf
20000360    20000360    00020000   00000000    r--
  20000360    20000360    00020000   00000000    r-- .priheap
20020400    20020400    00011954   00000000    rw-
  20020400    20020400    0000fd5c   00000000    rw- .bss
  2003015c    2003015c    00001bf8   00000000    rw- .data
2003f800    2003f800    00000800   00000000    rw-
  2003f800    2003f800    00000800   00000000    rw- .stack


SECTION ALLOCATION MAP

 output                                  attributes/
section   page    origin      length       input sections
--------  ----  ----------  ----------   ----------------
.resetVecs 
*          0    00004000    0000003c     
                  00004000    0000003c     release_pem4f.oem4f (.resetVecs)

.crcheader 
*          0    0000403c    00000020     
                  0000403c    00000020     main_tirtos.obj (.crcheader)

.text      0    00004060    00038c4a     
                  00004060    00000c94     stk.aem4f : tcpin.oem4f (.text:TcpInput)
                  00004cf4    00000a4e     rtsv7M4_T_le_v4SPD16_eabi.lib : _printfi.c.obj (.text:__TI_printfi)
                  00005742    00000002     DIO.obj (.text:DIO_InitIO)
                  00005744    000008d0     stk.aem4f : tcpout.oem4f (.text:TcpOutput)
                  00006014    00000820     AVDSRS485Device.obj (.text:vAVDS485Device_SteveCommandsService_ValueChangeHandler)
                  00006834    00000648     ExternalFlashStorage.obj (.text:vEFS_loadStartUpConfigurationTest)
                  00006e7c    00000594     SystemMasterInit.obj (.text:vDiscreteIO_init)
                  00007410    00000570     spiffs.a : spiffs_nucleus.obj (.text:spiffs_object_append)
                  00007980    0000051c     SystemAnalogMonitor.obj (.text:vSAM_taskFxn)
                  00007e9c    00000518     spiffs.a : spiffs_gc.obj (.text:spiffs_gc_clean)
                  000083b4    000004e4              : spiffs_nucleus.obj (.text:spiffs_object_truncate)
                  00008898    000004c1     sysbios.aem4f : BIOS.obj (.text:xdc_runtime_System_doPrint__I)
                  00008d59    00000001     --HOLE-- [fill = 0]
                  00008d5a    00000002     httpserver_release.a : httpserver.oem4f (.text:HTTPServer_init)
                  00008d5c    000004b8     spiffs.a : spiffs_nucleus.obj (.text:spiffs_object_modify)
                  00009214    00000494     slnetifndk.aem4f : slnetifndk.oem4f (.text:SlNetIfNDK_getSockOpt)
                  000096a8    00000490     InternalFlashStorage.obj (.text:vIFS_getFlashConfigurationFileEthernet)
                  00009b38    00000458     stk.aem4f : ipout.oem4f (.text:IPTxPacket)
                  00009f90    000003fc     IFUART.obj (.text:_Z28xIFUART_receiveAVDSFrameDataP9IF_ConfigPcjj)
                  0000a38c    000003bc     tcpEchoHooks.obj (.text:netIPAddrHook)
                  0000a748    000003a0     sysbios.aem4f : BIOS.obj (.text:ti_sysbios_heaps_HeapBuf_Instance_init__E)
                  0000aae8    00000396     nettool_ipv4.aem4f : dnscomn.oem4f (.text:DNSResolveByName)
                  0000ae7e    00000002     drivers_msp432e4.aem4f : I2CMSP432E4.oem4f (.text:I2CMSP432E4_init)
                  0000ae80    0000038c     stk.aem4f : ipin.oem4f (.text:IPRxPacket)
                  0000b20c    0000037c     RosenDevice.obj (.text:vRosenDevice_SteveCommandsService_ValueChangeHandler)
                  0000b588    0000037c     TCPRemoteControllerBinary.obj (.text:vTCPRCBinServerFxn)
                  0000b904    00000004     drivers_msp432e4.aem4f : ADCBufMSP432E4.oem4f (.text:ADCBufMSP432E4_getResolution)
                  0000b908    00000364     sysbios.aem4f : BIOS.obj (.text:ti_sysbios_knl_Event_pend__E)
                  0000bc6c    0000035c     MAX1301.obj (.text:vMAX1301_taskFxn)
                  0000bfc8    00000358     ALTOAmpDevice.obj (.text:vALTOAmp_ALTOHPClassService_ValueChangeHandler)
                  0000c320    0000034e     IFUART.obj (.text:xIFUART_receiveALTOFrame)
                  0000c66e    00000002     drivers_msp432e4.aem4f : NVSSPI25X.oem4f (.text:NVSSPI25X_deinitSpiCs)
                  0000c670    00000348     ALTOAmpDevice.obj (.text:vALTOAmp_ALTOAmplifierClassService_ValueChangeHandler)
                  0000c9b8    00000320     RosenRS485Device.obj (.text:vRosen485Device_SteveCommandsService_ValueChangeHandler)
                  0000ccd8    0000030a     nettool_ipv4.aem4f : dnscomn.oem4f (.text:DNSResolveByAddr)
                  0000cfe2    000002f4     ALTOMultinetDevice.obj (.text:vALTOMultinet_getDetailedStatusService_ValueChangeHandler)
                  0000d2d6    00000002     stk.aem4f : nat.oem4f (.text:NatMsg)
                  0000d2d8    000002f0     drivers_msp432e4.aem4f : UARTMSP432E4.oem4f (.text:UARTMSP432E4_open)
                  0000d5c8    000002f0     TCPBinaryCMD_DiscreteIO.obj (.text:vTCPRCBin_DiscreteIO_setDIODirection)
                  0000d8b8    000002ec     httpserver_release.a : httpserver.oem4f (.text:HTTPServer_serveSelect)
                  0000dba4    00000004     stk.aem4f : bind.oem4f (.text:BindGetIF)
                  0000dba8    000002ec     sysbios.aem4f : BIOS.obj (.text:ti_sysbios_knl_Task_Instance_finalize__E)
                  0000de94    000002ea     nettool_ipv4.aem4f : dnscomn.oem4f (.text:DNSResolveByNS)
                  0000e17e    00000002     drivers_msp432e4.aem4f : PWMMSP432E4.oem4f (.text:PWMMSP432E4_init)
                  0000e180    000002e4     TCPBinaryCMD_SystemControl.obj (.text:vTCPRCBin_SystemControl_getOverAllStatus)
                  0000e464    000002e0     ALTOMultinetDevice.obj (.text:vALTOMultinetDeviceDiscovery)
                  0000e744    00000004     stk.aem4f : bind.oem4f (.text:BindGetNext)
                  0000e748    000002d0     sysbios.aem4f : BIOS.obj (.text:ti_sysbios_knl_Semaphore_pend__E)
                  0000ea18    000002c8     InternalFlashStorage.obj (.text:vIFS_loadStartUpConfiguration)
                  0000ece0    000002c0     UDPAVDSServer.obj (.text:pvUDPAVDSFinder_taskFxn)
                  0000efa0    000002bc     TCPBinaryCMD_DiscreteIO.obj (.text:vTCPRCBin_DiscreteIO_setDOConfiguration)
                  0000f25c    000002a8     slnetifndk.aem4f : slnetifndk.oem4f (.text:SlNetIfNDK_setSockOpt)
                  0000f504    000002a4     IFUART.obj (.text:_Z12hIFUART_openP9IF_ConfigP9IF_Params)
                  0000f7a8    000002a0     rtsv7M4_T_le_v4SPD16_eabi.lib : mktime.c.obj (.text:__mktime32)
                  0000fa48    000002a0     sysbios.aem4f : BIOS.obj (.text:ti_sysbios_family_arm_msp432e4_init_Boot_sysCtlClockFreqSetI__I)
                  0000fce8    000002a0     InternalFlashStorage.obj (.text:xIFS_findDevicesAtStartUp)
                  0000ff88    0000029e     ALTOMultinetDevice.obj (.text:vALTOMultinet_LocalRemoteService_ValueChangeHandler)
                  00010226    00000002     drivers_msp432e4.aem4f : UARTMSP432E4.oem4f (.text:UARTMSP432E4_init)
                  00010228    00000298     TCPBinaryCMD_DiscreteIO.obj (.text:vTCPRCBin_DiscreteIO_getDIOConfiguration)
                  000104c0    00000292     msp432e4_driverlib.a : can.o (.text:CANMessageSet)
                  00010752    00000002     rtsv7M4_T_le_v4SPD16_eabi.lib : string.cpp.obj (.text:_ZNSt3__222__compressed_pair_elemINS_9allocatorIcEELi1ELb1EEC1IRKS2_vEEOT_)
                  00010754    00000288     httpSrvBasic.obj (.text:serverFxn)
                  000109dc    00000284     CANMSP432E4.obj (.text:CANMSP432E4_open)
                  00010c60    00000284     stk.aem4f : sock.oem4f (.text:SockSet)
                  00010ee4    0000027c     udpEcho.obj (.text:UDPFinder_task)
                  00011160    00000270     rtsv7M4_T_le_v4SPD16_eabi.lib : _printfi.c.obj (.text:_pconv_a)
                  000113d0    0000026e     IFUART.obj (.text:_Z16bIFUART_transferP9IF_ConfigP14IF_Transaction)
                  0001163e    00000002     hal_ser_stub.aem4f : llserstb.oem4f (.text:_llSerialServiceCheck)
                  00011640    00000264     stk.aem4f : icmpin.oem4f (.text:ICMPInput)
                  000118a4    00000264     TCPBinaryCMD_DiscreteIO.obj (.text:vTCPRCBin_DiscreteIO_setDIConfiguration)
                  00011b08    0000025e     stk.aem4f : fileuser.oem4f (.text:fdPoll)
                  00011d66    00000002     hal_ser_stub.aem4f : llserstb.oem4f (.text:_llSerialShutdown)
                  00011d68    00000258     stk.aem4f : ipfrag.oem4f (.text:IPReasm)
                  00011fc0    00000250     ndk_tirtos.obj (.text:ndkStackThread)
                  00012210    0000024c     RosenDevice.obj (.text:vRosenDevice_ALTOEmulatorClassService_ValueChangeHandler)
                  0001245c    00000004     dpl_msp432e4.aem4f : ClockP_tirtos.oem4f (.text:ClockP_getCpuFreq)
                  00012460    00000248     sysbios.aem4f : BIOS.obj (.text:ti_sysbios_heaps_HeapMem_freeUnprotected__E)
                  000126a8    00000240     ALTOAmpDevice.obj (.text:vALTOAmpDeviceFxn)
                  000128e8    0000023c     ALTOAmpDevice.obj (.text:vALTOAmp_ALTODirectCommandService_ValueChangeHandler)
                  00012b24    0000023a     msp432e4_driverlib.a : gpio.o (.text:GPIOPadConfigSet)
                  00012d5e    00000238     spiffs.a : spiffs_gc.obj (.text:spiffs_gc_find_candidate)
                  00012f96    00000002     hal_userled_stub.aem4f : llled.oem4f (.text:_llUserLedInit)
                  00012f98    00000224     stk.aem4f : udp.oem4f (.text:UdpInput)
                  000131bc    00000004     dpl_msp432e4.aem4f : ClockP_tirtos.oem4f (.text:ClockP_setTimeout)
                  000131c0    00000220     sysbios.aem4f : BIOS.obj (.text:timer_create)
                  000133e0    00000220     ExternalFlashStorage.obj (.text:vEFS_getFlashDataFileNameHTTP)
                  00013600    00000218     netctrl_min_ipv4.aem4f : netctrl.oem4f (.text:NC_NetStart)
                  00013818    00000218     slnetifndk.aem4f : slnetifndk.oem4f (.text:SlNetIfNDK_recvFrom)
                  00013a30    00000218     sysbios.aem4f : BIOS.obj (.text:mq_open)
                  00013c48    00000214     drivers_msp432e4.aem4f : ADCBufMSP432E4.oem4f (.text:ADCBufMSP432E4_open)
                  00013e5c    0000020a     msp432e4_driverlib.a : can.o (.text:CANMessageGet)
                  00014066    00000002     hal_userled_stub.aem4f : llled.oem4f (.text:_llUserLedShutdown)
                  00014068    00000208     spiffs.a : spiffs_nucleus.obj (.text:spiffs_object_read)
                  00014270    00000204     ALTOMultinetDevice.obj (.text:hALTOMultinetDevice_open)
                  00014474    00000204     spiffs.a : spiffs_nucleus.obj (.text:spiffs_obj_lu_find_entry_visitor)
                  00014678    00000204     sysbios.aem4f : BIOS.obj (.text:ti_sysbios_heaps_HeapBuf_free__E)
                  0001487c    00000200     slnetifndk.aem4f : slnetifndk.oem4f (.text:SlNetIfNDK_sendTo)
                  00014a7c    00000004     dpl_msp432e4.aem4f : ClockP_tirtos.oem4f (.text:ClockP_start)
                  00014a80    00000200     sysbios.aem4f : BIOS.obj (.text:ti_sysbios_heaps_HeapMem_allocUnprotected__E)
                  00014c80    000001fc     drivers_msp432e4.aem4f : SPIMSP432E4DMA.oem4f (.text:SPIMSP432E4DMA_transfer)
                  00014e7c    000001fc     ExternalFlashStorage.obj (.text:vEFS_setFlashDataFileNameHTTP)
                  00015078    000001f8     stk.aem4f : sock.oem4f (.text:SockGet)
                  00015270    000001f8     sysbios.aem4f : BIOS.obj (.text:ti_sysbios_knl_Task_sleep__E)
                  00015468    000001ec     slnetifndk.aem4f : slnetifndk.oem4f (.text:SlNetIfNDK_accept)
                  00015654    000001ec     stk.aem4f : sock.oem4f (.text:SockRecv)
                  00015840    000001ec     sysbios.aem4f : BIOS.obj (.text:ti_sysbios_knl_Task_Instance_init__E)
                  00015a2c    000001ec     ExternalFlashStorage.obj (.text:vEFS_testMemoryEthernet)
                  00015c18    000001ea     CANMSP432E4.obj (.text:CANMSP432E4_hwiIntFxn)
                  00015e02    00000002     rtsv7M4_T_le_v4SPD16_eabi.lib : _lock.c.obj (.text:_nop)
                  00015e04    000001ea     nettool_ipv4.aem4f : dnspkt.oem4f (.text:DNSGetReply)
                  00015fee    00000002     hal_ser_stub.aem4f : llserstb.oem4f (.text:llSerialService)
                  00015ff0    000001e8     DIO.obj (.text:DIO_init)
                  000161d8    000001e4     ALTOAmpDevice.obj (.text:hALTOAmpDevice_open)
                  000163bc    00000004     dpl_msp432e4.aem4f : ClockP_tirtos.oem4f (.text:ClockP_stop)
                  000163c0    000001e0     sysbios.aem4f : BIOS.obj (.text:ti_sysbios_gates_GateMutexPri_enter__E)
                  000165a0    000001e0     InternalFlashStorage.obj (.text:xIFS_createDefaultFiles)
                  00016780    000001dc     SPIDAC.obj (.text:vSPIDAC101_taskFxn)
                  0001695c    000001d0     stk.aem4f : lliin.oem4f (.text:LLIRxPacket)
                  00016b2c    000001d0     rtsv7M4_T_le_v4SPD16_eabi.lib : _printfi.c.obj (.text:_pconv_g)
                  00016cfc    000001d0     InternalFlashStorage.obj (.text:vIFS_getFlashDeviceListEthernet)
                  00016ecc    000001cc     drivers_msp432e4.aem4f : EMACMSP432E4.oem4f (.text:EMACMSP432E4_emacStart)
                  00017098    000001c4     GenericDevice.obj (.text:hGeneticDevice_open)
                  0001725c    000001c0     drivers_msp432e4.aem4f : ADCBufMSP432E4.oem4f (.text:primeConvert)
                  0001741c    000001b6     rtsv7M4_T_le_v4SPD16_eabi.lib : fd_add_t2.asm.obj (.text)
                  000175d2    000001b6     ForteManagerDevice.obj (.text:vForteManagerDevice_processAppRXMsgEvent)
                  00017788    000001b4     spiffs.a : spiffs_hydrogen.obj (.text:SPIFFS_write)
                  0001793c    000001b4     drivers_msp432e4.aem4f : SPIMSP432E4DMA.oem4f (.text:SPIMSP432E4DMA_open)
                  00017af0    000001b4     stk.aem4f : sock.oem4f (.text:SockNew)
                  00017ca4    000001b0               : lliout.oem4f (.text:LLITxIpPacket)
                  00017e54    000001ac     spiffs.a : spiffs_nucleus.obj (.text:spiffs_obj_lu_find_free_obj_id)
                  00018000    000001a8     ExternalFlashStorage.obj (.text:xEFS_createDefaultTestFiles)
                  000181a8    000001a4     AVDSRS485Device.obj (.text:hAVDS485Device_open)
                  0001834c    000001a4     RosenRS485Device.obj (.text:hRosen485Device_open)
                  000184f0    000001a0     RosenDevice.obj (.text:hRosenDevice_open)
                  00018690    0000019c     DIO.obj (.text:DIRd)
                  0001882c    00000004     dpl_msp432e4.aem4f : HwiP_tirtos.oem4f (.text:HwiP_clearInterrupt)
                  00018830    0000019c     sysbios.aem4f : BIOS.obj (.text:acquireMutexNone$51)
                  000189cc    0000019c     AVDSDevice.obj (.text:hAVDSDevice_open)
                  00018b68    0000019c     os.aem4f : mem.oem4f (.text:mmAlloc)
                  00018d04    00000198     nettool_ipv4.aem4f : dnsclnt.oem4f (.text:DNSResolve)
                  00018e9c    00000198     stk.aem4f : igmp.oem4f (.text:IGMPInput)
                  00019034    00000198     slnetsock_release.a : slnetsock.oem4f (.text:SlNetSock_select)
                  000191cc    00000198     ALTOMultinetDevice.obj (.text:vALTOMultinetDeviceFxn)
                  00019364    00000194     nettool_ipv4.aem4f : dhcpmain.oem4f (.text:DHCPOpen)
                  000194f8    0000018c     TCPBinaryCommands.obj (.text:TCPBin_decode)
                  00019684    0000018a     spiffs.a : spiffs_nucleus.obj (.text:spiffs_page_allocate_data)
                  0001980e    00000002     tcpEchoHooks.obj (.text:netOpenHook)
                  00019810    00000188     nettool_ipv4.aem4f : ipaddr.oem4f (.text:NtGetPublicHost)
                  00019998    00000188     URLHandler.obj (.text:URL_fileUploadPost)
                  00019b20    00000188     stk.aem4f : fileuser.oem4f (.text:fdSelect)
                  00019ca8    00000188     ALTOMultinetDeviceRelayControllerWorker.obj (.text:vALTOMultinet_relayControllerTransferRemote)
                  00019e30    00000188     release_pem4f.oem4f (.text:xdc_runtime_System_printfExtend__I)
                  00019fb8    00000184     slnetifndk.aem4f : slnetifndk.oem4f (.text:SlNetIfNDK_getPeerName)
                  0001a13c    00000184                      : slnetifndk.oem4f (.text:SlNetIfNDK_getSockName)
                  0001a2c0    00000184     spiffs.a : spiffs_nucleus.obj (.text:spiffs_obj_lu_scan)
                  0001a444    00000180     drivers_msp432e4.aem4f : I2CMSP432E4.oem4f (.text:I2CMSP432E4_hwiFxn)
                  0001a5c4    00000180                            : NVSMSP432E4.oem4f (.text:NVSMSP432E4_write)
                  0001a744    00000180     TCPBinaryCMD_AVDS.obj (.text:xTCPRCBin_AVDS_Serial_SteveCommand_ValueChangeHandler)
                  0001a8c4    0000017c     drivers_msp432e4.aem4f : EMACMSP432E4.oem4f (.text:EMACMSP432E4_NIMUInit)
                  0001aa40    0000017c     InternalFlashStorage.obj (.text:vIFS_getFlashReadFileNameEthernet)
                  0001abbc    0000017c     TCPRemoteControllerBinary.obj (.text:vTCPRCBinDeviceFxn)
                  0001ad38    00000178     slnetifndk.aem4f : slnetifndk.oem4f (.text:SlNetIfNDK_recv)
                  0001aeb0    00000178     URLHandler.obj (.text:URL_testFilePost)
                  0001b028    00000174     AVDSRS485Device.obj (.text:vAVDS485Device_taskFxn)
                  0001b19c    00000170     nettool_ipv4.aem4f : dnscomn.oem4f (.text:DNSResolveExternal)
                  0001b30c    00000170     stk.aem4f : rtc.oem4f (.text:RTCReport)
                  0001b47c    0000016d     nettool_ipv4.aem4f : dnspkt.oem4f (.text:DNSReadRecord)
                  0001b5e9    00000001     --HOLE-- [fill = 0]
                  0001b5ea    00000002     ndk_tirtos.obj (.text:networkClose)
                  0001b5ec    0000016c     slnetifndk.aem4f : slnetifndk.oem4f (.text:SlNetIfNDK_send)
                  0001b758    0000016c     TCPRemoteControllerBinary.obj (.text:hTCPRCBinDevice_open)
                  0001b8c4    0000016a     stk.aem4f : sb.oem4f (.text:SBRead)
                  0001ba2e    0000016a     spiffs.a : spiffs_nucleus.obj (.text:spiffs_object_create)
                  0001bb98    00000168     drivers_msp432e4.aem4f : GPIOMSP432E4.oem4f (.text:GPIO_setConfig)
                  0001bd00    00000168                            : NVSSPI25X.oem4f (.text:NVSSPI25X_write)
                  0001be68    00000168     slnetifndk.aem4f : slnetifndk.oem4f (.text:SlNetIfNDK_connect)
                  0001bfd0    00000168     sysbios.aem4f : BIOS.obj (.text:ti_sysbios_heaps_HeapBuf_alloc__E)
                  0001c138    00000164     spiffs.a : spiffs_gc.obj (.text:spiffs_gc_quick)
                  0001c29c    00000164     ALTOAmpDevice.obj (.text:vALTOAmp_processApplicationMessage)
                  0001c400    00000160     drivers_msp432e4.aem4f : PWMMSP432E4.oem4f (.text:PWMMSP432E4_setDutyAndPeriod)
                  0001c560    00000160     stk.aem4f : sock.oem4f (.text:SockConnect)
                  0001c6c0    00000160     sysbios.aem4f : BIOS.obj (.text:ti_sysbios_knl_Mailbox_Instance_init__E)
                  0001c820    0000015c     RosenRS485Device.obj (.text:vRosen485Device_taskFxn)
                  0001c97c    0000015c     TCPBinaryCMD_Rosen.obj (.text:xTCPRCBin_ROSEN_directCommand_ValueChangeHandler)
                  0001cad8    00000158     stk.aem4f : icmp.oem4f (.text:ICMPGenPacket)
                  0001cc30    00000158     InternalFlashStorage.obj (.text:vIFS_testMemoryEthernet)
                  0001cd88    00000154     SystemMasterInit.obj (.text:SMC_initThread)
                  0001cedc    00000154     stk.aem4f : udp.oem4f (.text:UdpOutput)
                  0001d030    00000154     spiffs.a : spiffs_nucleus.obj (.text:spiffs_cb_object_event)
                  0001d184    00000154              : spiffs_nucleus.obj (.text:spiffs_page_move)
                  0001d2d8    00000150     drivers_msp432e4.aem4f : PWMMSP432E4.oem4f (.text:initHw)
                  0001d428    00000150     ALTOMultinetDeviceRelayControllerWorker.obj (.text:vALTOMultinet_relayControllerWorkerFxnV00)
                  0001d578    0000014c     spiffs.a : spiffs_gc.obj (.text:spiffs_gc_check)
                  0001d6c4    0000014c     I2CTemp101.obj (.text:vI2CTemp101Fxn)
                  0001d810    00000148     startsntp.obj (.text:startSNTP)
                  0001d958    00000144     stk.aem4f : bind.oem4f (.text:BindNew)
                  0001da9c    00000144     slnetifndk.aem4f : slnetifndk.oem4f (.text:SlNetIfNDK_select)
                  0001dbe0    00000144     stk.aem4f : sockpcb.oem4f (.text:SockPcbResolve)
                  0001dd24    00000144     httpserver_release.a : httpserver.oem4f (.text:transact)
                  0001de68    00000142     RosenDevice.obj (.text:vRosenDevice_UDPRxtaskFxn)
                  0001dfaa    00000002     rtsv7M4_T_le_v4SPD16_eabi.lib : div0.asm.obj (.text)
                  0001dfac    00000140     drivers_msp432e4.aem4f : ADCBufMSP432E4.oem4f (.text:ADCBufMSP432E4_hwiIntFxn)
                  0001e0ec    00000140     stk.aem4f : tcp.oem4f (.text:TcpTimeoutCheck)
                  0001e22c    00000004     dpl_msp432e4.aem4f : HwiP_tirtos.oem4f (.text:HwiP_disable)
                  0001e230    00000140     sysbios.aem4f : BIOS.obj (.text:ti_sysbios_family_arm_lm4_Timer_start__E)
                  0001e370    0000013c     nettool_ipv4.aem4f : config.oem4f (.text:CfgAddEntry)
                  0001e4ac    0000013c     netctrl_min_ipv4.aem4f : netctrl.oem4f (.text:NetScheduler)
                  0001e5e8    0000013c     slnetifndk.aem4f : slnetifndk.oem4f (.text:SlNetIfNDK_ifCreateContext)
                  0001e724    0000013c     stk.aem4f : sockint.oem4f (.text:SockNotify)
                  0001e860    0000013c               : sock.oem4f (.text:SockSend)
                  0001e99c    0000013c     rtsv7M4_T_le_v4SPD16_eabi.lib : _printfi.c.obj (.text:_pconv_e)
                  0001ead8    0000013c     sysbios.aem4f : BIOS.obj (.text:ti_sysbios_heaps_HeapMem_Instance_init__E)
                  0001ec14    00000004     dpl_msp432e4.aem4f : HwiP_tirtos.oem4f (.text:HwiP_disableInterrupt)
                  0001ec18    0000013c     sysbios.aem4f : BIOS.obj (.text:xdc_runtime_Core_createObject__I)
                  0001ed54    00000136     rtsv7M4_T_le_v4SPD16_eabi.lib : fd_div_t2.asm.obj (.text)
                  0001ee8a    00000002     release_pem4f.oem4f (.text:ti_sysbios_BIOS_nullFunc__I)
                  0001ee8c    00000134     drivers_msp432e4.aem4f : EMACMSP432E4.oem4f (.text:EMACMSP432E4_handleRx)
                  0001efc0    00000134                            : I2CMSP432E4.oem4f (.text:I2CMSP432E4_open)
                  0001f0f4    00000134     rtsv7M4_T_le_v4SPD16_eabi.lib : localtim.c.obj (.text:__localtime32)
                  0001f228    00000134     sysbios.aem4f : BIOS.obj (.text:ti_sysbios_knl_Task_setPri__E)
                  0001f35c    00000130     spiffs.a : spiffs_hydrogen.obj (.text:SPIFFS_open)
                  0001f48c    00000130     sntp_release.a : sntp.oem4f (.text:getTime)
                  0001f5bc    00000004     dpl_msp432e4.aem4f : HwiP_tirtos.oem4f (.text:HwiP_enableInterrupt)
                  0001f5c0    00000130     sysbios.aem4f : BIOS.obj (.text:ti_sysbios_knl_Task_postInit__I)
                  0001f6f0    0000012e     drivers_msp432e4.aem4f : SPIMSP432E4DMA.oem4f (.text:SPIMSP432E4DMA_transferCancel)
                  0001f81e    0000012a     GenericDevice.obj (.text:vGeneticDeviceFxn)
                  0001f948    00000128     InternalFlashStorage.obj (.text:xIFS_createDefaultTestFiles)
                  0001fa70    00000124     rtsv7M4_T_le_v4SPD16_eabi.lib : _printfi.c.obj (.text:fcvt)
                  0001fb94    00000120     slnetifndk.aem4f : slnetifndk.oem4f (.text:SlNetIfNDK_close)
                  0001fcb4    00000004     dpl_msp432e4.aem4f : MutexP_tirtos.oem4f (.text:MutexP_lock)
                  0001fcb8    00000120     sysbios.aem4f : BIOS.obj (.text:xdc_runtime_Startup_startMods__I)
                  0001fdd8    0000011e     CRCMSP432E4.obj (.text:getHwConfigRegister)
                  0001fef6    0000011e     ALTOMultinetDevice.obj (.text:xALTOMultinet_setGateAt)
                  00020014    0000011c     drivers_msp432e4.aem4f : ADCBufMSP432E4.oem4f (.text:ADCBufMSP423E4_noDMAhwiIntFxn)
                  00020130    0000011c     spiffs.a : spiffs_hydrogen.obj (.text:SPIFFS_mount)
                  0002024c    0000011c     main_tirtos.obj (.text:main)
                  00020368    0000011c     sysbios.aem4f : BIOS.obj (.text:ti_sysbios_knl_Clock_Instance_init__E)
                  00020484    00000118     DIO.obj (.text:DIUpdate)
                  0002059c    00000118     stk.aem4f : tcpout.oem4f (.text:TcpGenPacket)
                  000206b4    00000118     ExternalFlashStorage.obj (.text:vEFS_format)
                  000207cc    00000118     InternalFlashStorage.obj (.text:vIFS_format)
                  000208e4    00000118     RosenDevice.obj (.text:vRosenDevice_taskFxn)
                  000209fc    00000116     ALTOMultinetDevice.obj (.text:xALTOMultinet_setVirtualRemoteAt)
                  00020b12    00000002     --HOLE-- [fill = 0]
                  00020b14    00000114     DIO.obj (.text:DOUpdate)
                  00020c28    00000114     stk.aem4f : nimu.oem4f (.text:NIMUIoctl)
                  00020d3c    00000114               : raw.oem4f (.text:RawInput)
                  00020e50    00000114     slnetifndk.aem4f : slnetifndk.oem4f (.text:SlNetIfNDK_getIPAddr)
                  00020f64    00000114     rtsv7M4_T_le_v4SPD16_eabi.lib : fputs.c.obj (.text:fputs)
                  00021078    00000114     sysbios.aem4f : BIOS.obj (.text:mq_unlink)
                  0002118c    00000114     AVDSDevice.obj (.text:vAVDSDevice_taskFxn)
                  000212a0    00000110     stk.aem4f : node.oem4f (.text:NodeTreeFree)
                  000213b0    00000110               : route.oem4f (.text:RtCreate)
                  000214c0    00000110               : rtable.oem4f (.text:RtFind)
                  000215d0    00000110     rtsv7M4_T_le_v4SPD16_eabi.lib : s_scalbn.c.obj (.text:scalbn)
                  000216e0    00000110                                   : strtoul.c.obj (.text:strtoul)
                  000217f0    00000108     slnetsock_release.a : slnetutils.oem4f (.text:SlNetUtil_str2BinIpV6)
                  000218f8    00000104     URLHandler.obj (.text:URL_index)
                  000219fc    00000104     drivers_msp432e4.aem4f : SPIMSP432E4DMA.oem4f (.text:configNextTransfer)
                  00021b00    00000104     nettool_ipv4.aem4f : dhcppkt.oem4f (.text:dhcpPacketProcess)
                  00021c04    00000104     spiffs.a : spiffs_nucleus.obj (.text:spiffs_object_update_index_hdr)
                  00021d08    00000104     sysbios.aem4f : BIOS.obj (.text:ti_sysbios_knl_Event_post__E)
                  00021e0c    00000004     dpl_msp432e4.aem4f : MutexP_tirtos.oem4f (.text:MutexP_unlock)
                  00021e10    00000104     sysbios.aem4f : BIOS.obj (.text:xdc_runtime_Core_constructObject__I)
                  00021f14    00000102     nettool_ipv4.aem4f : inetaddr.oem4f (.text:inet_aton)
                  00022016    00000002     --HOLE-- [fill = 0]
                  00022018    00000100     slnetsock_release.a : errnoutil.oem4f (.text:ErrnoUtil_set)
                  00022118    00000100     stk.aem4f : igmp.oem4f (.text:IGMPSendReply)
                  00022218    00000100     IFUART.obj (.text:_Z19xIFUART_receiveDataP9IF_ConfigPcjj)
                  00022318    00000100     TCPBinaryCMD_SystemControl.obj (.text:vTCPRCBin_SystemControl_getRAMDeviceList)
                  00022418    000000fc     sysbios.aem4f : BIOS.obj (.text:clock_gettime)
                  00022514    00000004     os.aem4f : oem.oem4f (.text:NDK_HwiP_disable)
                  00022518    000000fc     sysbios.aem4f : BIOS.obj (.text:pthread_create)
                  00022614    000000fc     rtsv7M4_T_le_v4SPD16_eabi.lib : fd_mul_t2.asm.obj (.text)
                  00022710    000000fc     InternalFlashStorage.obj (.text:vIFS_setFlashDataFileNameEthernet)
                  0002280c    000000fa     CANMSP432E4.obj (.text:CANMSP432E4_close)
                  00022906    000000fa     stk.aem4f : tcpprot.oem4f (.text:TcpPrSetOption)
                  00022a00    000000f8     drivers_msp432e4.aem4f : ADCBufMSP432E4.oem4f (.text:ADCBufMSP432E4_close)
                  00022af8    000000f8     stk.aem4f : icmp.oem4f (.text:ICMPSendRtAdv)
                  00022bf0    000000f8     drivers_msp432e4.aem4f : NVSSPI25X.oem4f (.text:NVSSPI25X_open)
                  00022ce8    000000f8     os.aem4f : os_ll.oem4f (.text:llEnter)
                  00022de0    000000f4     stk.aem4f : sock.oem4f (.text:SockClose)
                  00022ed4    000000f4     URLHandler.obj (.text:URL_home)
                  00022fc8    000000f4     slnetifndk.aem4f : slnetifndk.oem4f (.text:getBSDSlNetErr)
                  000230bc    000000f4     spiffs.a : spiffs_nucleus.obj (.text:spiffs_fd_find_new)
                  000231b0    000000f2     rtsv7M4_T_le_v4SPD16_eabi.lib : string.cpp.obj (.text:_ZNSt3__212basic_stringIcNS_11char_traitsIcEENS_9allocatorIcEEE7reserveEj)
                  000232a2    000000f2     AVDSDevice.obj (.text:vAVDSDevice_ALTOEmulatorClassService_ValueChangeHandler)
                  00023394    000000f0     stk.aem4f : lliout.oem4f (.text:LLIGenArpPacket)
                  00023484    000000f0               : rawethsock.oem4f (.text:RawEthSockNew)
                  00023574    000000f0     rtsv7M4_T_le_v4SPD16_eabi.lib : string.cpp.obj (.text:_ZNSt3__212basic_stringIcNS_11char_traitsIcEENS_9allocatorIcEEE21__grow_by_and_replaceEjjjjjjPKc)
                  00023664    000000f0     sysbios.aem4f : m3_Hwi_asm.obj (.text:ti_sysbios_family_arm_m3_Hwi_dispatch__I)
                  00023754    000000f0     msp432e4_driverlib.a : udma.o (.text:uDMAChannelTransferSet)
                  00023844    000000ee                          : adc.o (.text:ADCSequenceStepConfigure)
                  00023932    000000ee     nettool_ipv4.aem4f : dnspkt.oem4f (.text:DNSWriteRecord)
                  00023a20    000000ee     slnetifndk.aem4f : slnetifndk.oem4f (.text:SlNetIfNDK_socket)
                  00023b0e    000000ec     spiffs.a : spiffs_nucleus.obj (.text:spiffs_update_ix_map)
                  00023bfa    00000002     --HOLE-- [fill = 0]
                  00023bfc    000000ec     ExternalFlashStorage.obj (.text:vEFS_init)
                  00023ce8    000000ec     InternalFlashStorage.obj (.text:vIFS_init)
                  00023dd4    000000ea     drivers_msp432e4.aem4f : I2CMSP432E4.oem4f (.text:I2CMSP432E4_transfer)
                  00023ebe    000000ea     stk.aem4f : pipe.oem4f (.text:PipeRecv)
                  00023fa8    000000e8     nettool_ipv4.aem4f : dnspkt.oem4f (.text:DNSWriteName)
                  00024090    000000e8     drivers_msp432e4.aem4f : SPIMSP432E4DMA.oem4f (.text:SPIMSP432E4DMA_hwiFxn)
                  00024178    000000e8     slnetsock_release.a : slnetif.oem4f (.text:SlNetIf_add)
                  00024260    000000e8     spiffs.a : spiffs_nucleus.obj (.text:spiffs_object_open_by_page)
                  00024348    000000e8              : spiffs_cache.obj (.text:spiffs_phys_rd)
                  00024430    000000e6     AVDSRS485Device.obj (.text:xAVDS485Device_cmdFrameSetChannel)
                  00024516    00000002     --HOLE-- [fill = 0]
                  00024518    000000e4     stk.aem4f : sockpcb.oem4f (.text:SockPcbBind)
                  000245fc    000000e4     TCPBinaryCMD_ProductionTest.obj (.text:vTCPRCBin_ProductionTest_setGPIOAsInput)
                  000246e0    000000e0     msp432e4_driverlib.a : emac.o (.text:EMACInit)
                  000247c0    000000e0     stk.aem4f : tcptime.oem4f (.text:TcpTimeoutRexmt)
                  000248a0    000000e0     sysbios.aem4f : BIOS.obj (.text:ti_sysbios_knl_Semaphore_post__E)
                  00024980    000000de     nettool_ipv4.aem4f : dhcpsock.oem4f (.text:dhcpSocketOpen)
                  00024a5e    000000de     ALTOMultinetDevice.obj (.text:xALTOMultinet_readGateFrom)
                  00024b3c    000000de     AVDSRS485Device.obj (.text:xAVDS485Device_cmdFrameSetControlProperty)
                  00024c1a    00000002     --HOLE-- [fill = 0]
                  00024c1c    000000dc     stk.aem4f : sb.oem4f (.text:SBWrite)
                  00024cf8    000000dc     rtsv7M4_T_le_v4SPD16_eabi.lib : setvbuf.c.obj (.text:setvbuf)
                  00024dd4    000000dc     TCPBinaryCMD_ALTOAmp.obj (.text:xTCPRCBin_ALTOAmp_AmplifierClass_GetValueChangeHandler)
                  00024eb0    000000da     nettool_ipv4.aem4f : dhcpsm.oem4f (.text:dhcpState)
                  00024f8a    00000002     --HOLE-- [fill = 0]
                  00024f8c    000000d8     CRCMSP432E4.obj (.text:CRC_open)
                  00025064    000000d8     stk.aem4f : node.oem4f (.text:NodeAdd)
                  0002513c    000000d8     ndk_tirtos.obj (.text:networkIPAddr)
                  00025214    000000d8     TCPRemoteControllerBinary.obj (.text:vTCPRCBinWorker)
                  000252ec    000000d4     EEPROMStorage.obj (.text:INFO_init)
                  000253c0    000000d4     spiffs.a : spiffs_nucleus.obj (.text:spiffs_erase_block)
                  00025494    00000004     os.aem4f : NDK_SemaphoreP_tirtos.oem4f (.text:NDK_SemaphoreP_post)
                  00025498    000000d4     sysbios.aem4f : BIOS.obj (.text:ti_sysbios_knl_Task_exit__E)
                  0002556c    000000d4     TCPBinaryCMD_ALTOAmp.obj (.text:xTCPRCBin_ALTOAmp_AmplifierClass_SetValueChangeHandler)
                  00025640    000000d1     stk.aem4f : nimu.oem4f (.text:NIMUReceivePacket)
                  00025711    00000003     --HOLE-- [fill = 0]
                  00025714    000000d0     netctrl_min_ipv4.aem4f : netsrv.oem4f (.text:SPIpNet)
                  000257e4    000000d0     slnetifndk.aem4f : slnetifndk.oem4f (.text:SlNetIfNDK_shutdown)
                  000258b4    000000d0     nettool_ipv4.aem4f : dhcpsm.oem4f (.text:dhcpIPAdd)
                  00025984    00000004     os.aem4f : ossys.oem4f (.text:NDK_vsprintf)
                  00025988    000000d0     sysbios.aem4f : BIOS.obj (.text:timer_settime)
                  00025a58    000000ce     urlsimpleput.obj (.text:URLSimplePut_process)
                  00025b26    00000002     --HOLE-- [fill = 0]
                  00025b28    000000cc     msp432e4_driverlib.a : can.o (.text:CANBitRateSet)
                  00025bf4    000000cc     stk.aem4f : rawethsock.oem4f (.text:RawEthSockGet)
                  00025cc0    000000cc     slnetifndk.aem4f : slnetifndk.oem4f (.text:SlNetIfNDK_bind)
                  00025d8c    000000cc     nettool_ipv4.aem4f : dhcpbild.oem4f (.text:dhcpBuildHeader)
                  00025e58    000000cc                        : dhcppkt.oem4f (.text:dhcpVerifyMessage)
                  00025f24    000000cc     spiffs.a : spiffs_gc.obj (.text:spiffs_gc_erase_page_stats)
                  00025ff0    000000cc              : spiffs_hydrogen.obj (.text:spiffs_hydro_read)
                  000260bc    000000cc     TCPBinaryCMD_ProductionTest.obj (.text:vTCPRCBin_ProductionTest_setGPIOOutputValue)
                  00026188    000000cc     TCPBinaryCMD_AVDS.obj (.text:xTCPRCBin_AVDS_directCommand_ValueChangeHandler)
                  00026254    000000c8     spiffs.a : spiffs_hydrogen.obj (.text:SPIFFS_remove)
                  0002631c    000000c8     slnetifndk.aem4f : slnetifndk.oem4f (.text:SlNetIfNDK_listen)
                  000263e4    000000c8     spiffs.a : spiffs_nucleus.obj (.text:spiffs_obj_lu_find_free_obj_id_bitmap_v)
                  000264ac    000000c8              : spiffs_nucleus.obj (.text:spiffs_page_index_check)
                  00026574    000000c8     TCPBinaryCMD_ProductionTest.obj (.text:vTCPRCBin_ProductionTest_setGPIOAsOutput)
                  0002663c    000000c4     stk.aem4f : igmp.oem4f (.text:IGMPJoinHostGroup)
                  00026700    000000c4     nettool_ipv4.aem4f : dhcpsm.oem4f (.text:StateBound)
                  000267c4    000000c4     drivers_msp432e4.aem4f : ADCBufMSP432E4.oem4f (.text:configDMA)
                  00026888    000000c0     nettool_ipv4.aem4f : dnspkt.oem4f (.text:DNSReadName)
                  00026948    000000c0     stk.aem4f : nimu.oem4f (.text:NIMUInit)
                  00026a08    000000c0     TCPBinaryCMD_Rosen.obj (.text:xTCPRCBin_ROSENUDP_SM_ValueChangeHandler)
                  00026ac8    000000be     nettool_ipv4.aem4f : dnsclnt.oem4f (.text:DNSGetHostByName)
                  00026b86    000000be     drivers_msp432e4.aem4f : UARTMSP432E4.oem4f (.text:UARTMSP432E4_close)
                  00026c44    000000be     AVDSRS485Device.obj (.text:vAVDS485Device_InitializeCommunication)
                  00026d02    000000bc     stk.aem4f : sockpcb.oem4f (.text:SockPcbFind)
                  00026dbe    00000002     --HOLE-- [fill = 0]
                  00026dc0    000000bc               : vlan.oem4f (.text:VLANDeinit)
                  00026e7c    000000bc     InternalFlashStorage.obj (.text:vIFS_removeFileNameEthernet)
                  00026f38    000000ba     stk.aem4f : icmpin.oem4f (.text:ICMPRevSrcRoute)
                  00026ff2    000000ba     spiffs.a : spiffs_hydrogen.obj (.text:spiffs_stat_pix)
                  000270ac    000000b8     sntp_release.a : sntp.oem4f (.text:SNTP_getTime)
                  00027164    000000b8     stk.aem4f : lli.oem4f (.text:_LLITimeoutCheck)
                  0002721c    000000b8     drivers_msp432e4.aem4f : NVSSPI25X.oem4f (.text:doErase)
                  000272d4    000000b8     spiffs.a : spiffs_nucleus.obj (.text:spiffs_obj_lu_find_free_obj_id_compact_v)
                  0002738c    000000b8              : spiffs_nucleus.obj (.text:spiffs_page_data_check)
                  00027444    000000b8              : spiffs_nucleus.obj (.text:spiffs_page_delete)
                  000274fc    00000004     stk.aem4f : node.oem4f (.text:NodeSetRt)
                  00027500    000000b8     sysbios.aem4f : BIOS.obj (.text:ti_sysbios_family_arm_m3_Hwi_Instance_init__E)
                  000275b8    000000b8     ForteManagerDevice.obj (.text:vForteManagerDeviceRX_taskFxn)
                  00027670    000000b8     ForteManagerDevice.obj (.text:vForteManagerDevice_Params_init)
                  00027728    000000b7     httpserver_release.a : httpserver.oem4f (.text:httpExtractTag)
                  000277df    00000001     --HOLE-- [fill = 0]
                  000277e0    000000b6     drivers_msp432e4.aem4f : UARTMSP432E4.oem4f (.text:readTaskCallback)
                  00027896    00000002     --HOLE-- [fill = 0]
                  00027898    000000b4     stk.aem4f : tcptime.oem4f (.text:TcpTimeoutKeep)
                  0002794c    00000004               : rawethsock.oem4f (.text:RawEthSockGetCtx)
                  00027950    000000b4     sysbios.aem4f : BIOS.obj (.text:ti_sysbios_gates_GateMutex_enter__E)
                  00027a04    000000b4     ALTOInterface.obj (.text:vALTOFrame_create_ASCII)
                  00027ab8    000000b4     AVDSRS485Device.obj (.text:xAVDS485Device_cmdFrameGetControlProperty)
                  00027b6c    000000b2     stk.aem4f : rawethsock.oem4f (.text:RawEthSockSet)
                  00027c1e    00000002     --HOLE-- [fill = 0]
                  00027c20    000000b1     rtsv7M4_T_le_v4SPD16_eabi.lib : _printfi.c.obj (.text:_ltostr)
                  00027cd1    00000003     --HOLE-- [fill = 0]
                  00027cd4    000000b0     spiffs.a : SPIFFSNVS.obj (.text:SPIFFSNVS_config)
                  00027d84    00000004     stk.aem4f : rawethsock_prot.oem4f (.text:RawEthSockPrAttach)
                  00027d88    000000b0     sysbios.aem4f : BIOS.obj (.text:ti_sysbios_family_arm_lm4_Timer_enableTiva__I)
                  00027e38    000000b0     Devices.obj (.text:vDevice_enqueueCharDataMsg)
                  00027ee8    000000ac     CANMSP432E4.obj (.text:CANMSP432E4_txMsg)
                  00027f94    000000ac     drivers_msp432e4.aem4f : EMACMSP432E4.oem4f (.text:EMACMSP432E4_initDMADescriptors)
                  00028040    000000ac                            : GPIOMSP432E4.oem4f (.text:GPIO_init)
                  000280ec    000000ac     stk.aem4f : rtable.oem4f (.text:RtTimeoutCheck)
                  00028198    000000ac     os.aem4f : task.oem4f (.text:TaskGetEnv)
                  00028244    000000aa     AVDSRS485Device.obj (.text:xAVDS485Device_cmdFrameGetChannel)
                  000282ee    00000002     --HOLE-- [fill = 0]
                  000282f0    000000a8     stk.aem4f : sockint.oem4f (.text:SockCreatePacket)
                  00028398    000000a8     drivers_msp432e4.aem4f : UARTMSP432E4.oem4f (.text:readTaskBlocking)
                  00028440    000000a8     sysbios.aem4f : BIOS.obj (.text:ti_sysbios_family_arm_lm4_Timer_enableTimers__I)
                  000284e8    000000a6     httpserver_release.a : httpserver.oem4f (.text:createSession)
                  0002858e    000000a4     DIO.obj (.text:DIIsTrig)
                  00028632    000000a4     msp432e4_driverlib.a : gpio.o (.text:GPIOIntTypeSet)
                  000286d6    00000002     --HOLE-- [fill = 0]
                  000286d8    000000a4     os.aem4f : task.oem4f (.text:TaskSetEnv)
                  0002877c    000000a4     rtsv7M4_T_le_v4SPD16_eabi.lib : string.cpp.obj (.text:_ZNSt3__212basic_stringIcNS_11char_traitsIcEENS_9allocatorIcEEE6appendEPKcj)
                  00028820    000000a4     drivers_msp432e4.aem4f : I2CMSP432E4.oem4f (.text:primeTransfer)
                  000288c4    00000004     stk.aem4f : rawethsock_prot.oem4f (.text:RawEthSockPrDetach)
                  000288c8    000000a4     sysbios.aem4f : BIOS.obj (.text:ti_sysbios_family_arm_lm4_Seconds_setTime__E)
                  0002896c    00000004     spiffs.a : spiffs_hydrogen.obj (.text:SPIFFS_errno)
                  00028970    000000a4     sysbios.aem4f : BIOS.obj (.text:ti_sysbios_knl_Clock_Instance_finalize__E)
                  00028a14    00000004     drivers_msp432e4.aem4f : SPIMSP432E4DMA.oem4f (.text:SPIMSP432E4DMA_init)
                  00028a18    000000a4     sysbios.aem4f : BIOS.obj (.text:ti_sysbios_rts_ti_ReentSupport_getReent__F)
                  00028abc    000000a2     RosenDevice.obj (.text:xRosenDevice_udpCmdLineProcessTCP)
                  00028b5e    00000002     --HOLE-- [fill = 0]
                  00028b60    000000a0     drivers_msp432e4.aem4f : EMACMSP432E4.oem4f (.text:EMACMSP432E4_emacStop)
                  00028c00    000000a0     msp432e4_driverlib.a : flash.o (.text:FlashProgram)
                  00028ca0    000000a0     stk.aem4f : ip.oem4f (.text:IPGetRoute)
                  00028d40    000000a0     drivers_msp432e4.aem4f : PWMMSP432E4.oem4f (.text:PWMMSP432E4_setDuty)
                  00028de0    000000a0     IFUART.obj (.text:_Z12vIFUART_initP9IF_Config)
                  00028e80    000000a0     auto_init.aem4f : auto_init.oem4f (.text)
                  00028f20    000000a0     spiffs.a : spiffs_hydrogen.obj (.text:spiffs_read_dir_v)
                  00028fc0    000000a0     sysbios.aem4f : BIOS.obj (.text:ti_sysbios_heaps_HeapBuf_Module_startup__E)
                  00029060    000000a0     TCPBinaryCMD_DiscreteIO.obj (.text:vTCPRCBin_DiscreteIO_setDOToggle)
                  00029100    0000009e     nettool_ipv4.aem4f : dnsclnt.oem4f (.text:DNSGetHostArrayByName)
                  0002919e    00000002     --HOLE-- [fill = 0]
                  000291a0    0000009e     stk.aem4f : nimu.oem4f (.text:NIMUAddEthernetHeader)
                  0002923e    0000009e     drivers_msp432e4.aem4f : UARTMSP432E4.oem4f (.text:UARTMSP432E4_readPolling)
                  000292dc    0000009c     stk.aem4f : exec.oem4f (.text:ExecOpen)
                  00029378    0000009c     spiffs.a : spiffs_hydrogen.obj (.text:SPIFFS_open_by_dirent)
                  00029414    0000009c     drivers_msp432e4.aem4f : SPIMSP432E4DMA.oem4f (.text:SPIMSP432E4DMA_close)
                  000294b0    0000009c     IFUART.obj (.text:_ZNSt3__210__find_endIPFbccEPKcS4_EET0_S5_S5_T1_S6_T_NS_26random_access_iterator_tagES8_)
                  0002954c    00000004     os.aem4f : semaphore.oem4f (.text:SemReset)
                  00029550    0000009c     sysbios.aem4f : BIOS.obj (.text:_pthread_removeThreadKeys)
                  000295ec    0000009c     drivers_msp432e4.aem4f : ADCBufMSP432E4.oem4f (.text:initHw)
                  00029688    0000009c     rtsv7M4_T_le_v4SPD16_eabi.lib : memcpy_t2.asm.obj (.text)
                  00029724    00000004     dpl_msp432e4.aem4f : SemaphoreP_tirtos.oem4f (.text:SemaphoreP_post)
                  00029728    0000009c     sysbios.aem4f : BIOS.obj (.text:ti_sysbios_knl_Semaphore_Instance_init__E)
                  000297c4    0000009c     SPIDAC.obj (.text:vSPIDAC101_init)
                  00029860    0000009c     TCPBinaryCMD_ProductionTest.obj (.text:vTCPRCBin_ProductionTest_getCounters)
                  000298fc    0000009c     TCPBinaryCMD_ALTOAmp.obj (.text:xTCPRCBin_ALTOAmp_DirectCommandClass_Handler)
                  00029998    0000009c     TCPBinaryCMD_ALTOAmp.obj (.text:xTCPRCBin_ALTOAmp_HeadPhoneClass_GetValueChangeHandler)
                  00029a34    0000009a     drivers_msp432e4.aem4f : PWMMSP432E4.oem4f (.text:PWMMSP432E4_setPeriod)
                  00029ace    00000002     --HOLE-- [fill = 0]
                  00029ad0    00000098                            : ADCBufMSP432E4.oem4f (.text:ADCBufMSP432E4_convertCancel)
                  00029b68    00000098     netctrl_min_ipv4.aem4f : netctrl.oem4f (.text:NC_SystemOpen)
                  00029c00    00000098                            : netsrv.oem4f (.text:ServiceScan)
                  00029c98    00000098     drivers_msp432e4.aem4f : UARTMSP432E4.oem4f (.text:UARTMSP432E4_write)
                  00029d30    00000098     rtsv7M4_T_le_v4SPD16_eabi.lib : string.cpp.obj (.text:_ZNKSt3__212basic_stringIcNS_11char_traitsIcEENS_9allocatorIcEEE5rfindERKS5_j)
                  00029dc8    00000098     spiffs.a : spiffs_nucleus.obj (.text:spiffs_obj_lu_find_id_and_span)
                  00029e60    00000098              : spiffs_cache.obj (.text:spiffs_phys_wr)
                  00029ef8    00000098     sysbios.aem4f : BIOS.obj (.text:ti_sysbios_knl_Mailbox_post__E)
                  00029f90    00000098     IFUART.obj (.text:xIFUART_sendData)
                  0002a028    00000096     CANMSP432E4.obj (.text:allocateMessageObject)
                  0002a0be    00000096     ALTOMultinetDevice.obj (.text:ptALTOMultinet_addControllerWorkerToList)
                  0002a154    00000096     rtsv7M4_T_le_v4SPD16_eabi.lib : ull_div_t2.asm.obj (.text)
                  0002a1ea    00000002     --HOLE-- [fill = 0]
                  0002a1ec    00000094     nettool_ipv4.aem4f : config.oem4f (.text:CfgExecute)
                  0002a280    00000094                        : config.oem4f (.text:CfgRemoveEntry)
                  0002a314    00000094     msp432e4_driverlib.a : eeprom.o (.text:EEPROMProgram)
                  0002a3a8    00000094     drivers_msp432e4.aem4f : PWMMSP432E4.oem4f (.text:PWMMSP432E4_open)
                  0002a43c    00000094     os.aem4f : mem.oem4f (.text:_mmInit)
                  0002a4d0    00000094     drivers_msp432e4.aem4f : UARTMSP432E4.oem4f (.text:readIsrTextBlocking)
                  0002a564    00000094     spiffs.a : spiffs_nucleus.obj (.text:spiffs_obj_lu_find_id_and_span_v)
                  0002a5f8    00000094     sysbios.aem4f : BIOS.obj (.text:ti_sysbios_family_arm_m3_Hwi_initNVIC__E)
                  0002a68c    00000094     TCPBinaryCMD_ALTOAmp.obj (.text:xTCPRCBin_ALTOAmp_HeadPhoneClass_SetValueChangeHandler)
                  0002a720    00000092     slnetsock_release.a : slnetsock.oem4f (.text:SlNetSock_create)
                  0002a7b2    00000092     IFUART.obj (.text:xIFUART_receiveDataSimple)
                  0002a844    00000090     stk.aem4f : igmp.oem4f (.text:IGMPMsg)
                  0002a8d4    00000090     slnetsock_release.a : slnetsock.oem4f (.text:SlNetSock_getVirtualSdConf)
                  0002a964    00000090     TCPBinaryCommands.obj (.text:TCPBin_sendDeviceIdError)
                  0002a9f4    00000090     drivers_msp432e4.aem4f : UARTMSP432E4.oem4f (.text:UARTMSP432E4_control)
                  0002aa84    00000090     nettool_ipv4.aem4f : dhcpbild.oem4f (.text:dhcpBuildRequest)
                  0002ab14    00000090     os.aem4f : mem.oem4f (.text:mmInitPage)
                  0002aba4    00000004     slnetsock_release.a : slnetif.oem4f (.text:SlNetIf_init)
                  0002aba8    00000090     sysbios.aem4f : BIOS.obj (.text:ti_sysbios_knl_Task_Module_startup__E)
                  0002ac38    0000008e     nettool_ipv4.aem4f : dnscomn.oem4f (.text:DNSResolveQuery)
                  0002acc6    0000008e     drivers_msp432e4.aem4f : PWMMSP432E4.oem4f (.text:PWMMSP432E4_close)
                  0002ad54    0000008e     spiffs.a : spiffs_cache.obj (.text:spiffs_cache_init)
                  0002ade2    00000002     --HOLE-- [fill = 0]
                  0002ade4    0000008c     stk.aem4f : ip.oem4f (.text:IPMsg)
                  0002ae70    0000008c     slnetsock_release.a : slnetsock.oem4f (.text:SlNetSock_accept)
                  0002aefc    0000008c     msp432e4_driverlib.a : sysctl.o (.text:SysCtlPeripheralReset)
                  0002af88    0000008c     sysbios.aem4f : m3_TaskSupport_asm.obj (.text:ti_sysbios_family_arm_m3_TaskSupport_buildTaskStack)
                  0002b014    0000008c     SPIDAC.obj (.text:vSPIDAC_setVoltageLevel)
                  0002b0a0    0000008c     sysbios.aem4f : BIOS.obj (.text:xdc_runtime_Memory_alloc__E)
                  0002b12c    0000008a     netctrl_min_ipv4.aem4f : netsrv.oem4f (.text:SPRoute)
                  0002b1b6    00000002     --HOLE-- [fill = 0]
                  0002b1b8    00000088                            : netsrv.oem4f (.text:ServiceSpawn)
                  0002b240    00000088     stk.aem4f : sockpcb.oem4f (.text:SockPcbCtlError)
                  0002b2c8    00000088     drivers_msp432e4.aem4f : UARTMSP432E4.oem4f (.text:readIsrTextCallback)
                  0002b350    00000088     spiffs.a : spiffs_nucleus.obj (.text:spiffs_object_find_object_index_header_by_name_v)
                  0002b3d8    00000088     sysbios.aem4f : BIOS.obj (.text:ti_sysbios_knl_Mailbox_Module_startup__E)
                  0002b460    00000088                   : BIOS.obj (.text:ti_sysbios_knl_Mailbox_pend__E)
                  0002b4e8    00000088     ForteManagerDevice.obj (.text:vForteManagerDevice_setupHook)
                  0002b570    00000088     Interfaces.obj (.text:vIF_init)
                  0002b5f8    00000088     TCPBinaryCMD_ALTOAmp.obj (.text:vTCPRCBin_ALTOVolumeReturnService_ValueChangeHandler)
                  0002b680    00000088     TCPBinaryCMD_ProductionTest.obj (.text:vTCPRCBin_ProductionTest_MemoryTestEEPROM)
                  0002b708    00000088     TCPBinaryCMD_ProductionTest.obj (.text:vTCPRCBin_ProductionTest_resetCounters)
                  0002b790    00000088     TCPBinaryCMD_RAWCharacteristicData.obj (.text:vTCPRCBin_RAWCharacteristicData_returnMsg)
                  0002b818    00000086     msp432e4_driverlib.a : can.o (.text:CANStatusGet)
                  0002b89e    00000086     stk.aem4f : sock.oem4f (.text:SockCheck)
                  0002b924    00000086     nettool_ipv4.aem4f : dhcpsm.oem4f (.text:StateRequesting)
                  0002b9aa    00000086     rtsv7M4_T_le_v4SPD16_eabi.lib : fd_cmp_t2.asm.obj (.text:__aeabi_cdcmple)
                  0002ba30    00000086                                   : fd_cmp_t2.asm.obj (.text:__aeabi_cdrcmple)
                  0002bab6    00000084     drivers_msp432e4.aem4f : CAN.oem4f (.text:CAN_writeHelper)
                  0002bb3a    00000002     --HOLE-- [fill = 0]
                  0002bb3c    00000084     nettool_ipv4.aem4f : config.oem4f (.text:CfgGetEntry)
                  0002bbc0    00000084     drivers_msp432e4.aem4f : EMACMSP432E4.oem4f (.text:EMACMSP432E4_hwiIntFxn)
                  0002bc44    00000084                            : EMACMSP432E4.oem4f (.text:EMACMSP432E4_processPendingTx)
                  0002bcc8    00000084                            : EMACMSP432E4.oem4f (.text:EMACMSP432E4_processPhyInterrupt)
                  0002bd4c    00000084     msp432e4_driverlib.a : i2c.o (.text:I2CMasterInitExpClk)
                  0002bdd0    00000084     drivers_msp432e4.aem4f : NVSSPI25X.oem4f (.text:NVSSPI25X_close)
                  0002be54    00000084     stk.aem4f : raw.oem4f (.text:RawOutput)
                  0002bed8    00000084     slnetsock_release.a : slnetutils.oem4f (.text:SlNetUtil_getHostByName)
                  0002bf5c    00000084     stk.aem4f : sockpcb.oem4f (.text:SockCleanPcb)
                  0002bfe0    00000084               : tcpprot.oem4f (.text:TcpPrAttach)
                  0002c064    00000084     IFUART.obj (.text:_ZNSt3__218__search_substringIcNS_11char_traitsIcEEEEPKT_S5_S5_S5_S5_)
                  0002c0e8    00000084     stk.aem4f : fileuser.oem4f (.text:fdClose)
                  0002c16c    00000084     drivers_msp432e4.aem4f : I2CMSP432E4.oem4f (.text:getSysCtrlId)
                  0002c1f0    00000084     os.aem4f : mem.oem4f (.text:mmFree)
                  0002c274    00000084     ndk_tirtos.obj (.text:serviceReport)
                  0002c2f8    00000084     sysbios.aem4f : BIOS.obj (.text:ti_sysbios_family_arm_m3_Hwi_postInit__I)
                  0002c37c    00000084     RosenRS485Device.obj (.text:vRosen485Device_processApplicationMessage)
                  0002c400    00000084     TCPBinaryCMD_DiscreteIO.obj (.text:vTCPRCBin_DiscreteIO_setDOValue)
                  0002c484    00000084     TCPRemoteControllerBinary.obj (.text:vTCPRCBin_processApplicationMessage)
                  0002c508    00000084     Devices.obj (.text:xDevice_sendCharDataMsg)
                  0002c58c    00000082     httpserver_release.a : httpserver.oem4f (.text:HTTPServer_create)
                  0002c60e    00000082     nettool_ipv4.aem4f : dhcpsm.oem4f (.text:StateRenewRebind)
                  0002c690    00000080     stk.aem4f : lli.oem4f (.text:LLINew)
                  0002c710    00000080               : pbm.oem4f (.text:PBM_alloc)
                  0002c790    00000080     drivers_msp432e4.aem4f : I2CMSP432E4.oem4f (.text:getPowerMgrId)
                  0002c810    00000080                            : I2CMSP432E4.oem4f (.text:primeWriteBurst)
                  0002c890    00000080     sysbios.aem4f : BIOS.obj (.text:ti_sysbios_knl_Clock_workFunc__E)
                  0002c910    00000080     TCPBinaryCMD_SystemControl.obj (.text:vTCPRCBin_SystemControl_getManufacturerInformationData)
                  0002c990    0000007e     slnetifndk.aem4f : slnetifndk.oem4f (.text:SlNetIfNDK_getConnectionStatus)
                  0002ca0e    00000002     --HOLE-- [fill = 0]
                  0002ca10    0000007c     nettool_ipv4.aem4f : config.oem4f (.text:CfgGetNextEntry)
                  0002ca8c    0000007c     stk.aem4f : igmp.oem4f (.text:IGMPDoMCast)
                  0002cb08    0000007c               : igmp.oem4f (.text:IGMPJoin)
                  0002cb84    0000007c               : socket.oem4f (.text:NDK_getsockopt)
                  0002cc00    0000007c               : socket.oem4f (.text:NDK_setsockopt)
                  0002cc7c    0000007c               : nimu.oem4f (.text:NIMURegister)
                  0002ccf8    0000007c     netctrl_min_ipv4.aem4f : netsrv.oem4f (.text:NS_BootTask)
                  0002cd74    0000007c     stk.aem4f : pbm.oem4f (.text:PBM_free)
                  0002cdf0    0000007c     slnetsock_release.a : slnetif.oem4f (.text:SlNetIf_loadSecObj)
                  0002ce6c    0000007c     IFUART.obj (.text:_Z15xIFUART_RXflushP9IF_Configj)
                  0002cee8    0000007c     drivers_msp432e4.aem4f : NVSSPI25X.oem4f (.text:doRead)
                  0002cf64    0000007c     rtsv7M4_T_le_v4SPD16_eabi.lib : fflush.c.obj (.text:fflush)
                  0002cfe0    0000007c     os.aem4f : mem.oem4f (.text:mmBulkFree)
                  0002d05c    0000007c     spiffs.a : spiffs_nucleus.obj (.text:spiffs_object_find_object_index_header_by_name)
                  0002d0d8    0000007c     sysbios.aem4f : BIOS.obj (.text:ti_sysbios_knl_Mailbox_Instance_finalize__E)
                  0002d154    0000007c     TCPBinaryCMD_ALTOMultinet.obj (.text:vTCPRCBin_ALTOMultinet_remoteSetInput)
                  0002d1d0    0000007c     TCPBinaryCMD_ProductionTest.obj (.text:vTCPRCBin_ProductionTest_getGPIOInputValue)
                  0002d24c    0000007c     TCPBinaryCMD_SystemControl.obj (.text:vTCPRCBin_SystemControl_getCompiledTime)
                  0002d2c8    0000007c     drivers_msp432e4.aem4f : UARTMSP432E4.oem4f (.text:writeData)
                  0002d344    00000004     stk.aem4f : sock.oem4f (.text:SockGetCtx)
                  0002d348    0000007c     sysbios.aem4f : BIOS.obj (.text:xdc_runtime_Core_deleteObject__I)
                  0002d3c4    0000007a     msp432e4_driverlib.a : ssi.o (.text:SSIConfigSetExpClk)
                  0002d43e    0000007a     stk.aem4f : sock.oem4f (.text:SockAccept)
                  0002d4b8    0000007a     rtsv7M4_T_le_v4SPD16_eabi.lib : string.cpp.obj (.text:_ZNSt3__212basic_stringIcNS_11char_traitsIcEENS_9allocatorIcEEEaSEOS5_)
                  0002d532    0000007a                                   : memset_t2.asm.obj (.text)
                  0002d5ac    0000007a     RosenRS485Device.obj (.text:vRosen485Device_ALTOEmulatorClassService_ValueChangeHandler)
                  0002d626    00000078     stk.aem4f : socket.oem4f (.text:NDK_sendto)
                  0002d69e    00000002     --HOLE-- [fill = 0]
                  0002d6a0    00000078     spiffs.a : spiffs_hydrogen.obj (.text:SPIFFS_info)
                  0002d718    00000078     stk.aem4f : tcptime.oem4f (.text:TcpXmitTimer)
                  0002d790    00000078     CRCMSP432E4.obj (.text:calculateCpu)
                  0002d808    00000078     drivers_msp432e4.aem4f : NVSSPI25X.oem4f (.text:doWriteVerify)
                  0002d880    00000078     stk.aem4f : fileuser.oem4f (.text:fdOpenSession)
                  0002d8f8    00000078     httpserver_release.a : httpserver.oem4f (.text:httpRecvLine)
                  0002d970    00000078     drivers_msp432e4.aem4f : I2CMSP432E4.oem4f (.text:initHw)
                  0002d9e8    00000078     ndk_tirtos.obj (.text:initIp)
                  0002da60    00000078     os.aem4f : os_ll.oem4f (.text:llExit)
                  0002dad8    00000078     Devices.obj (.text:vDevice_sendCharDataMsg)
                  0002db50    00000078     TCPBinaryCMD_ALTOMultinet.obj (.text:vTCPRCBin_ALTOMultinet_remoteGetPot)
                  0002dbc8    00000078     TCPBinaryCMD_ALTOMultinet.obj (.text:vTCPRCBin_ALTOMultinet_remoteGetRelay)
                  0002dc40    00000078     AVDSRS485Device.obj (.text:xAVDS485Device_CRC_calculateFull)
                  0002dcb8    00000076     drivers_msp432e4.aem4f : CAN.oem4f (.text:CAN_readHelper)
                  0002dd2e    00000076     stk.aem4f : pipe.oem4f (.text:PipeSend)
                  0002dda4    00000076     msp432e4_driverlib.a : uart.o (.text:UARTConfigSetExpClk)
                  0002de1a    00000002     --HOLE-- [fill = 0]
                  0002de1c    00000075     stk.aem4f : tcptime.oem4f (.text:TcpTimeoutSackRexmt)
                  0002de91    00000001     --HOLE-- [fill = 0]
                  0002de92    00000006     drivers_msp432e4.aem4f : ADCBufMSP432E4.oem4f (.text:ADCBufMSP432E4_adjustRawValues)
                  0002de98    00000075     sysbios.aem4f : BIOS.obj (.text:xdc_runtime_System_formatNum__I)
                  0002df0d    00000003     --HOLE-- [fill = 0]
                  0002df10    00000074     drivers_msp432e4.aem4f : EMACMSP432E4.oem4f (.text:EMACMSP432E4_processTransmitted)
                  0002df84    00000074     stk.aem4f : igmp.oem4f (.text:IGMPLeaveHostGroup)
                  0002dff8    00000074               : socket.oem4f (.text:NDK_recvfrom)
                  0002e06c    00000074               : nimu.oem4f (.text:NIMUShutdown)
                  0002e0e0    00000074     drivers_msp432e4.aem4f : NVSMSP432E4.oem4f (.text:NVSMSP432E4_open)
                  0002e154    00000074     stk.aem4f : raweth.oem4f (.text:RawEthRxPacket)
                  0002e1c8    00000074     spiffs.a : spiffs_hydrogen.obj (.text:SPIFFS_readdir)
                  0002e23c    00000074              : spiffs_hydrogen.obj (.text:SPIFFS_stat)
                  0002e2b0    00000074     slnetsock_release.a : slnetsock.oem4f (.text:SlNetSock_AllocVirtualSocket)
                  0002e324    00000074     stk.aem4f : sockpcb.oem4f (.text:SockPcbConnect)
                  0002e398    00000074     rtsv7M4_T_le_v4SPD16_eabi.lib : string.cpp.obj (.text:_ZNSt3__212basic_stringIcNS_11char_traitsIcEENS_9allocatorIcEEE6__initEPKcj)
                  0002e40c    00000074                                   : fclose.c.obj (.text:__TI_closefile)
                  0002e480    00000074     CRCMSP432E4.obj (.text:calculate)
                  0002e4f4    00000074     hal_timer.aem4f : lltimer.oem4f (.text:llTimerTick)
                  0002e568    00000074     sysbios.aem4f : BIOS.obj (.text:ti_sysbios_knl_Clock_start__E)
                  0002e5dc    00000074     Devices.obj (.text:vDevice_init)
                  0002e650    00000074     sysbios.aem4f : BIOS.obj (.text:xdc_runtime_SysMin_abort__E)
                  0002e6c4    00000070     drivers_msp432e4.aem4f : I2CMSP432E4.oem4f (.text:I2CMSP432E4_close)
                  0002e734    00000070     stk.aem4f : socket.oem4f (.text:NDK_accept)
                  0002e7a4    00000070               : socket.oem4f (.text:NDK_send)
                  0002e814    00000070               : rtable.oem4f (.text:RtFlush)
                  0002e884    00000070     netctrl_min_ipv4.aem4f : netsrv.oem4f (.text:SPConfig)
                  0002e8f4    00000070     stk.aem4f : sock.oem4f (.text:SockShutdown)
                  0002e964    00000070     nettool_ipv4.aem4f : dhcptags.oem4f (.text:dhcpDecodeType)
                  0002e9d4    00000070     os.aem4f : mem.oem4f (.text:mmBulkAlloc)
                  0002ea44    00000070     spiffs.a : spiffs_nucleus.obj (.text:spiffs_obj_lu_find_free)
                  0002eab4    00000004     os.aem4f : task.oem4f (.text:TaskSelf)
                  0002eab8    00000070     sysbios.aem4f : BIOS.obj (.text:ti_sysbios_heaps_HeapMem_initPrimary__I)
                  0002eb28    00000070     CANMSP432E4.obj (.text:txBuffersFlush)
                  0002eb98    00000070     Devices.obj (.text:vDevice_enqueueRawAppMsgAndEvent)
                  0002ec08    00000070     ALTOMultinetDeviceRelayControllerWorker.obj (.text:xALTOMultinet_relayControllerWorker_init)
                  0002ec78    0000006e     stk.aem4f : socket.oem4f (.text:NDK_recv)
                  0002ece6    00000002     --HOLE-- [fill = 0]
                  0002ece8    0000006e               : rtable.oem4f (.text:RtWalkNext)
                  0002ed56    0000006e     rtsv7M4_T_le_v4SPD16_eabi.lib : _printfi.c.obj (.text:_mcpy)
                  0002edc4    0000006e                                   : fd_tos_t2.asm.obj (.text)
                  0002ee32    0000006e                                   : ll_div_t2.asm.obj (.text)
                  0002eea0    0000006d     stk.aem4f : node.oem4f (.text:NodeNew)
                  0002ef0d    00000003     --HOLE-- [fill = 0]
                  0002ef10    0000006c     os.aem4f : ossys.oem4f (.text:DbgPrintf)
                  0002ef7c    0000006c     msp432e4_driverlib.a : emac.o (.text:EMACPHYConfigSet)
                  0002efe8    0000006c     rtsv7M4_T_le_v4SPD16_eabi.lib : hostrename.c.obj (.text:HOSTrename)
                  0002f054    0000006c     stk.aem4f : node.oem4f (.text:NodeTreeNew)
                  0002f0c0    0000006c               : pbm.oem4f (.text:PBM_open)
                  0002f12c    0000006c     drivers_msp432e4.aem4f : PowerMSP432E4.oem4f (.text:Power_releaseDependency)
                  0002f198    0000006c     stk.aem4f : raweth.oem4f (.text:RawEthTxPacket)
                  0002f204    0000006c     slnetsock_release.a : slnetutils.oem4f (.text:SlNetUtil_str2BinIpV4)
                  0002f270    0000006c     stk.aem4f : udp.oem4f (.text:UdpChecksum)
                  0002f2dc    0000006c     rtsv7M4_T_le_v4SPD16_eabi.lib : asctime.c.obj (.text:asctime)
                  0002f348    0000006c     SystemMasterInit.obj (.text:heartBeatFxn)
                  0002f3b4    0000006c     hal_timer.aem4f : lltimer.oem4f (.text:llTimerGetTime)
                  0002f420    0000006c     drivers_msp432e4.aem4f : I2CMSP432E4.oem4f (.text:primeReadBurst)
                  0002f48c    00000004     os.aem4f : task.oem4f (.text:TaskSetPri)
                  0002f490    0000006c     sysbios.aem4f : BIOS.obj (.text:pthread_cancel)
                  0002f4fc    00000004     rtsv7M4_T_le_v4SPD16_eabi.lib : string.cpp.obj (.text:_ZNSt3__220__throw_out_of_rangeEPKc)
                  0002f500    0000006c     sysbios.aem4f : BIOS.obj (.text:ti_sysbios_gates_GateMutexPri_leave__E)
                  0002f56c    00000004     rtsv7M4_T_le_v4SPD16_eabi.lib : string.cpp.obj (.text:_ZNSt3__222__compressed_pair_elemINS_9allocatorIcEELi1ELb1EEC2IRKS2_vEEOT_)
                  0002f570    0000006c     sysbios.aem4f : BIOS.obj (.text:ti_sysbios_knl_Swi_restoreHwi__E)
                  0002f5dc    0000006c     ForteManagerDevice.obj (.text:vForteManagerDevice_appRXMsgEventHook)
                  0002f648    0000006c     TCPBinaryCMD_ProductionTest.obj (.text:vTCPRCBin_ProductionTest_setIROutputValue)
                  0002f6b4    0000006c     ALTOInterface.obj (.text:xALTOFrame_convert_ASCII_to_binary)
                  0002f720    0000006a     stk.aem4f : tcpprot.oem4f (.text:TcpPrInherit)
                  0002f78a    0000006a     rtsv7M4_T_le_v4SPD16_eabi.lib : string.cpp.obj (.text:_ZNKSt3__212basic_stringIcNS_11char_traitsIcEENS_9allocatorIcEEE4findERKS5_j)
                  0002f7f4    00000068     DIO.obj (.text:DICfgDebounce)
                  0002f85c    00000068     drivers_msp432e4.aem4f : GPIOMSP432E4.oem4f (.text:GPIO_hwiIntFxn)
                  0002f8c4    00000068     rtsv7M4_T_le_v4SPD16_eabi.lib : hostlseek.c.obj (.text:HOSTlseek)
                  0002f92c    00000068     stk.aem4f : socket.oem4f (.text:NDK_socket)
                  0002f994    00000068     drivers_msp432e4.aem4f : PowerMSP432E4.oem4f (.text:Power_setDependency)
                  0002f9fc    00000068     spiffs.a : spiffs_hydrogen.obj (.text:SPIFFS_format)
                  0002fa64    00000068     stk.aem4f : sock.oem4f (.text:SockListen)
                  0002facc    00000068               : sockpcb.oem4f (.text:SockPcbFindRaw)
                  0002fb34    00000068     drivers_msp432e4.aem4f : TimerMSP432E4.oem4f (.text:TimerMSP432E4_allocateTimerResource)
                  0002fb9c    00000068     stk.aem4f : rtable.oem4f (.text:_RtNodeInsert)
                  0002fc04    00000068     rtsv7M4_T_le_v4SPD16_eabi.lib : string.cpp.obj (.text:_ZNSt3__212basic_stringIcNS_11char_traitsIcEENS_9allocatorIcEEEC1ERKS5_jjRKS4_)
                  0002fc6c    00000068                                   : copy_decompress_lzss.c.obj (.text:decompress:lzss:__TI_decompress_lzss)
                  0002fcd4    00000004     hal_ser_stub.aem4f : llserstb.oem4f (.text:_llSerialInit)
                  0002fcd8    00000068     sysbios.aem4f : BIOS.obj (.text:pthread_exit)
                  0002fd40    00000068     drivers_msp432e4.aem4f : UARTMSP432E4.oem4f (.text:readIsrBinaryBlocking)
                  0002fda8    00000068     httpserver_release.a : httpserver.oem4f (.text:serveSendThread)
                  0002fe10    00000068     TCPBinaryCMD_ALTOAmp.obj (.text:vTCPRCBin_ALTOAmplifier_errorHandler)
                  0002fe78    00000066     drivers_msp432e4.aem4f : I2CMSP432E4.oem4f (.text:I2CMSP432E4_cancel)
                  0002fede    00000066     ndk_tirtos.obj (.text:initTcp)
                  0002ff44    00000066     TCPBinaryCMD_Rosen.obj (.text:vTCPRCBin_ROSENService_ValueChangeHandler)
                  0002ffaa    00000002     --HOLE-- [fill = 0]
                  0002ffac    00000064     nettool_ipv4.aem4f : config.oem4f (.text:CfgFree)
                  00030010    00000064     msp432e4_driverlib.a : eeprom.o (.text:EEPROMRead)
                  00030074    00000064     stk.aem4f : file.oem4f (.text:FdWaitEvent)
                  000300d8    00000064               : pbm.oem4f (.text:PBMQ_enq)
                  0003013c    00000064     drivers_msp432e4.aem4f : PowerMSP432E4.oem4f (.text:Power_init)
                  000301a0    00000064     slnetifndk.aem4f : slnetifndk.oem4f (.text:SlNetIfNDK_getHostByName)
                  00030204    00000064     stk.aem4f : sockint.oem4f (.text:SockSpawnAbort)
                  00030268    00000064               : tcpprot.oem4f (.text:TcpPrGetOption)
                  000302cc    00000064     rtsv7M4_T_le_v4SPD16_eabi.lib : s_frexp.c.obj (.text:frexp)
                  00030330    00000064                                   : fseek.c.obj (.text:fseek)
                  00030394    00000004                                   : exit.c.obj (.text:abort:abort)
                  00030398    00000064     sysbios.aem4f : BIOS.obj (.text:pthread_join)
                  000303fc    00000064     drivers_msp432e4.aem4f : UARTMSP432E4.oem4f (.text:readIsrBinaryCallback)
                  00030460    00000064     spiffs.a : spiffs_cache.obj (.text:spiffs_cache_page_remove_oldest)
                  000304c4    00000004     stk.aem4f : listlib.oem4f (.text:list_get_head)
                  000304c8    00000064     sysbios.aem4f : BIOS.obj (.text:ti_sysbios_family_arm_lm4_Timer_Module_startup__E)
                  0003052c    00000004     stk.aem4f : listlib.oem4f (.text:list_get_next)
                  00030530    00000064     sysbios.aem4f : BIOS.obj (.text:ti_sysbios_family_arm_m3_Hwi_dispatchC__I)
                  00030594    00000064     msp432e4_driverlib.a : udma.o (.text:uDMAChannelAttributeDisable)
                  000305f8    00000064     stk.aem4f : lliin.oem4f (.text:updateRtTable)
                  0003065c    00000064     ALTOMultinetDevice.obj (.text:vALTOMultinet_processApplicationMessage)
                  000306c0    00000064     ExternalFlashStorage.obj (.text:vEFS_getStatus)
                  00030724    00000064     InternalFlashStorage.obj (.text:vIFS_getStatus)
                  00030788    00000064     SystemAnalogMonitor.obj (.text:vSAM_init)
                  000307ec    00000064     TCPBinaryCMD_DAC.obj (.text:vTCPRCBin_DAC_setVoltageValue)
                  00030850    00000062     stk.aem4f : ipin.oem4f (.text:IPRouteIP)
                  000308b2    00000002     --HOLE-- [fill = 0]
                  000308b4    00000062               : sb.oem4f (.text:SBNew)
                  00030916    00000062     rtsv7M4_T_le_v4SPD16_eabi.lib : _io_perm.c.obj (.text:__TI_wrt_ok)
                  00030978    00000062     ALTOInterface.obj (.text:cALTOFrame_ASCII_to_char)
                  000309da    00000062     GenericDevice.obj (.text:xGeneticDevice_registerHookFunctionForEventId)
                  00030a3c    00000060     nettool_ipv4.aem4f : config.oem4f (.text:CfgGetEntryCnt)
                  00030a9c    00000060     DIO.obj (.text:DIIsKeyDown)
                  00030afc    00000060     msp432e4_driverlib.a : emac.o (.text:EMACConfigGet)
                  00030b5c    00000060                          : emac.o (.text:EMACIntDisable)
                  00030bbc    00000060     rtsv7M4_T_le_v4SPD16_eabi.lib : hostopen.c.obj (.text:HOSTopen)
                  00030c1c    00000060     httpserver_release.a : httpserver_send.oem4f (.text:HTTPServer_sendErrorResponse)
                  00030c7c    00000060     stk.aem4f : socket.oem4f (.text:NDK_getpeername)
                  00030cdc    00000060               : socket.oem4f (.text:NDK_getsockname)
                  00030d3c    00000060               : socket.oem4f (.text:NDK_shutdown)
                  00030d9c    00000060               : nimu.oem4f (.text:NIMUUnregister)
                  00030dfc    00000060               : node.oem4f (.text:NodeFind)
                  00030e5c    00000060               : rtc.oem4f (.text:RTCMsg)
                  00030ebc    00000060     slnetsock_release.a : slnetsock.oem4f (.text:SlNetSock_recvFrom)
                  00030f1c    00000060                         : slnetsock.oem4f (.text:SlNetSock_sendTo)
                  00030f7c    00000060     os.aem4f : task.oem4f (.text:TaskCreate)
                  00030fdc    00000060     stk.aem4f : tcp.oem4f (.text:TcpChecksum)
                  0003103c    00000060     msp432e4_driverlib.a : timer.o (.text:TimerControlTrigger)
                  0003109c    00000060     nettool_ipv4.aem4f : dhcptags.oem4f (.text:dhcpBuildOptions)
                  000310fc    00000004     release_pem4f.oem4f (.text:ti_sysbios_BIOS_RtsGateProxy_enter__E)
                  00031100    00000060     sysbios.aem4f : BIOS.obj (.text:mq_close)
                  00031160    00000060                   : BIOS.obj (.text:ti_sysbios_family_arm_lm4_Seconds_getTime__E)
                  000311c0    00000060                   : BIOS.obj (.text:ti_sysbios_family_arm_lm4_Timer_isrStub__E)
                  00031220    00000060                   : BIOS.obj (.text:ti_sysbios_heaps_HeapMem_alloc__E)
                  00031280    00000060                   : BIOS.obj (.text:ti_sysbios_knl_Swi_run__I)
                  000312e0    00000060     MAX1301.obj (.text:vMAX1301_init)
                  00031340    00000060     SPIDAC.obj (.text:vSPIDAC_setRawValue)
                  000313a0    00000060     Devices.obj (.text:xDevice_add)
                  00031400    00000060     sysbios.aem4f : BIOS.obj (.text:xdc_runtime_Assert_raise__I)
                  00031460    0000005e     msp432e4_driverlib.a : emac.o (.text:EMACIntEnable)
                  000314be    0000005e     stk.aem4f : route.oem4f (.text:RtRemove)
                  0003151c    0000005e     nettool_ipv4.aem4f : dhcpsm.oem4f (.text:StateSelecting)
                  0003157a    0000005e     stk.aem4f : vlan.oem4f (.text:VLANReceivePacket)
                  000315d8    0000005e     spiffs.a : spiffs_cache.obj (.text:spiffs_cache_page_free)
                  00031636    00000002     --HOLE-- [fill = 0]
                  00031638    0000005c     drivers_msp432e4.aem4f : ADCBufMSP432E4.oem4f (.text:ADCBufMSP432E4_init)
                  00031694    0000005c     nettool_ipv4.aem4f : config.oem4f (.text:CfgSetExecuteOrder)
                  000316f0    0000005c     msp432e4_driverlib.a : emac.o (.text:EMACAddrSet)
                  0003174c    0000005c                          : emac.o (.text:EMACIntStatus)
                  000317a8    0000005c                          : gpio.o (.text:GPIODirModeSet)
                  00031804    0000005c     stk.aem4f : nimu.oem4f (.text:NIMUIoctlSpecialCmd)
                  00031860    0000005c     spiffs.a : spiffs_hydrogen.obj (.text:SPIFFS_close)
                  000318bc    0000005c     netctrl_min_ipv4.aem4f : netsrv.oem4f (.text:SPService)
                  00031918    0000005c     rtsv7M4_T_le_v4SPD16_eabi.lib : close.c.obj (.text:close)
                  00031974    0000005c     drivers_msp432e4.aem4f : TimerMSP432E4.oem4f (.text:getPowerMgrId)
                  000319d0    0000005c                            : UARTMSP432E4.oem4f (.text:getPowerResourceId)
                  00031a2c    0000005c     spiffs.a : spiffs_hydrogen.obj (.text:spiffs_fflush_cache)
                  00031a88    0000005c              : spiffs_nucleus.obj (.text:spiffs_phys_cpy)
                  00031ae4    00000004     release_pem4f.oem4f (.text:ti_sysbios_BIOS_RtsGateProxy_leave__E)
                  00031ae8    0000005c     sysbios.aem4f : BIOS.obj (.text:ti_sysbios_knl_Swi_schedule__I)
                  00031b44    00000004                   : BIOS.obj (.text:ti_sysbios_family_arm_lm4_Timer_masterEnable__I)
                  00031b48    0000005c                   : BIOS.obj (.text:ti_sysbios_knl_Task_startCore__E)
                  00031ba4    0000005c     ALTOInterface.obj (.text:vALTOFrame_ORTConvertDataFromBigEndianToLittleEndian)
                  00031c00    0000005c     SystemMasterInit.obj (.text:vHeartBeat_init)
                  00031c5c    0000005c     TCPBinaryCMD_DiscreteIO.obj (.text:vTCPRCBin_DiscreteIO_turnOff5VOutputPower)
                  00031cb8    0000005c     TCPBinaryCMD_DiscreteIO.obj (.text:vTCPRCBin_DiscreteIO_turnOn5VOutputPower)
                  00031d14    00000004     release_pem4f.oem4f (.text:ti_sysbios_family_arm_m3_Hwi_delete)
                  00031d18    0000005c     sysbios.aem4f : BIOS.obj (.text:xdc_runtime_Startup_exec__E)
                  00031d74    0000005a     stk.aem4f : rawethsock.oem4f (.text:RawEthSockCheck)
                  00031dce    0000005a               : route.oem4f (.text:RtRedirect)
                  00031e28    0000005a               : tcpprot.oem4f (.text:TcpValidateMetrics)
                  00031e82    0000005a     nettool_ipv4.aem4f : dhcpbild.oem4f (.text:dhcpBuildDecline)
                  00031edc    0000005a     ALTOMultinetDevice.obj (.text:ptALTOMultinet_SendMsgToControllerWorker)
                  00031f36    00000002     --HOLE-- [fill = 0]
                  00031f38    0000005a     TCPBinaryCMD_AVDS.obj (.text:vTCPRCBin_AVDSSerialService_ValueChangeHandler)
                  00031f92    00000002     --HOLE-- [fill = 0]
                  00031f94    00000058     stk.aem4f : bind.oem4f (.text:BindFree)
[...]
2002ff98  g_aui16SAMPerCur                                                                                                    
2002ffac  g_aui16SAMV28                                                                                                       
2002ffc0  g_aui16SAMV5Main                                                                                                    
2002ffd4  g_aui16SAMV5Per                                                                                                     
20030018  NDK_raweths                                                                                                         
20030028  NDK_raws                                                                                                            
20030038  PBMQ_free                                                                                                           
20030044  nvsSPI25XMSP432E4Objects                                                                                            
20030050  pwmMSP432E4Objects                                                                                                  
2003005c  tpseudo                                                                                                             
20030068  upseudo                                                                                                             
20030084  parmbuf                                                                                                             
2003008c  ti_sysbios_knl_Task_Instance_State_0_hookEnv__A                                                                     
20030094  udmaMSP432E4Object                                                                                                  
200300a0  spiMSP432E4DMAscratchBuf                                                                                            
200300bc  ClockP_tickPeriod                                                                                                   
200300c0  CryptoResourceMSP432E4_CRC_operationSemaphore                                                                       
200300c4  _IGMPInDiscard                                                                                                      
200300c8  _IGMPInQuery                                                                                                        
200300cc  _IGMPInQueryGroup                                                                                                   
200300d0  _IGMPInResponse                                                                                                     
200300d4  _IGMPOutResponse                                                                                                    
200300d8  g_SMCDisplay                                                                                                        
200300dc  g_SPIDACclockHandle                                                                                                 
200300e0  g_SPIDACeventHandle                                                                                                 
200300e4  g_SPIDACmsgQHandle                                                                                                  
200300e8  g_fMAX1301V5_volt                                                                                                   
200300ec  g_fMAX1301Vin_volt                                                                                                  
200300f0  g_fMAX1301Vout_volt                                                                                                 
200300f4  g_fSAMAvgTemp                                                                                                       
200300f8  g_fSAMavgCPUTemperature                                                                                             
200300fc  g_fSAMavgLogicCur                                                                                                   
20030100  g_fSAMavgMCUCur                                                                                                     
20030104  g_fSAMavgPerCur                                                                                                     
20030108  g_fSAMavgV28                                                                                                        
2003010c  g_fSAMavgV5Main                                                                                                     
20030110  g_fSAMavgV5Per                                                                                                      
20030114  g_hAVDSUDP_gate                                                                                                     
20030118  g_hDevicesListHeap                                                                                                  
2003011c  g_hDevicesListQ                                                                                                     
20030120  g_ui32CANTestFrameError0                                                                                            
20030124  g_ui32CANTestFrameError1                                                                                            
20030128  g_ui32EEPROMInit                                                                                                    
2003012c  g_ui32SAMAvgLogicCur                                                                                                
20030130  g_ui32SAMAvgMCUCur                                                                                                  
20030134  g_ui32SAMAvgPerCur                                                                                                  
20030138  g_ui32SAMAvgV28                                                                                                     
2003013c  g_ui32SAMAvgV5Main                                                                                                  
20030140  g_ui32SAMAvgV5Per                                                                                                   
20030144  g_ui32SPIDAC101_R46Val                                                                                              
20030148  g_ui32SPIDAC101_R47Val                                                                                              
2003014c  nvsMSP432E4Objects                                                                                                  
20030150  pDITrigFxn                                                                                                          
20030154  raweth_pcb                                                                                                          
20030158  g_i16I2CTempSensor                                                                                                  
2003015a  g_ui16SPIDAC101_dacVal                                                                                              
2003015c  srvCertPem                                                                                                          
200308e3  srvKeyPem                                                                                                           
20030c68  gpioPinConfigs                                                                                                      
20030dd8  PowerMSP432E4_module                                                                                                
20030f44  _ftable                                                                                                             
20031034  _ipcfg                                                                                                              
20031174  gpioCallbackFunctions                                                                                               
200311f4  ti_sysbios_family_arm_lm4_Timer_Object__table__V                                                                    
20031274  ti_sysbios_knl_Swi_Module_State_0_readyQ__A                                                                         
200312f4  ti_sysbios_knl_Task_Module_State_0_readyQ__A                                                                        
20031374  _device                                                                                                             
200313ec  adcBuf0MSP432E4Channels                                                                                             
2003145c  g_psURLTable                                                                                                        
200314bc  SlNetIfConfigNDK                                                                                                    
20031514  _stream                                                                                                             
200315b4  ti_sysbios_knl_Task_Object__table__V                                                                                
20031600  ti_sysbios_knl_Task_Module__state__V                                                                                
20031704  ti_sysbios_family_arm_lm4_Timer_Module_State_0_device__A                                                            
20031744  ti_sysbios_gates_GateMutex_Object__table__V                                                                         
200317b0  g_Device_nameByType                                                                                                 
20031818  ti_sysbios_family_arm_m3_Hwi_Module__state__V                                                                       
2003184c  handlerTable                                                                                                        
200318ac  ti_sysbios_family_arm_m3_Hwi_Object__table__V                                                                       
200318dc  ti_sysbios_knl_Swi_Object__table__V                                                                                 
2003190c  ti_sysbios_knl_Clock_Module__state__V                                                                               
20031938  _oscfg                                                                                                              
200319a8  ti_sysbios_BIOS_Module__state__V                                                                                    
200319cc  pstrMsgName                                                                                                         
200319ec  ti_sysbios_family_arm_lm4_Timer_Module_State_0_handles__A                                                           
20031a0c  xdc_runtime_Error_IgnoreBlock                                                                                       
20031a48  ti_ndk_config_Global_Id2Size                                                                                        
20031a64  ti_sysbios_knl_Swi_Module__state__V                                                                                 
20031a98  ti_sysbios_gates_GateMutexPri_Object__table__V                                                                      
20031ab0  ti_sysbios_heaps_HeapMem_Object__table__V                                                                           
20031b2c  _tz                                                                                                                 
20031b6c  __TI_ft_end                                                                                                         
20031b70  __aeabi_stdin                                                                                                       
20031b74  __aeabi_stdout                                                                                                      
20031b78  __aeabi_stderr                                                                                                      
20031b84  _IGMPForceVersion1                                                                                                  
20031b8c  ti_sysbios_family_arm_lm4_Seconds_Module__state__V                                                                  
20031b9c  __TI_cleanup_ptr                                                                                                    
20031ba0  __TI_dtors_ptr                                                                                                      
20031ba4  __TI_enable_exit_profile_output                                                                                     
20031ba8  cliCAPemLen                                                                                                         
20031bac  srvCertPemLen                                                                                                       
20031bb0  srvKeyPemLen                                                                                                        
20031bb4  NDK_createSockCtx                                                                                                   
20031bb8  NDK_closeSockCtx                                                                                                    
20031bbc  NDK_netStartError                                                                                                   
20031bc0  ti_sysbios_family_arm_lm4_Timer_Module__state__V                                                                    
20031bcc  xdc_runtime_SysMin_Module__state__V                                                                                 
20031be4  _lock                                                                                                               
20031be8  _unlock                                                                                                             
20031bec  NIMUDeviceTable                                                                                                     
20031bf4  g_sUDPAVDSConnectionInfo                                                                                            
20031c04  ti_ndk_socket_max_fd                                                                                                
20031c1c  NDK_ICMPInErrors                                                                                                    
20031c20  NDK_ICMPOutErrors                                                                                                   
20031c24  _IPExecuting                                                                                                        
20031c44  tcp_iss                                                                                                             
20031c48  ptTimeFirst                                                                                                         
20031c5c  ti_sysbios_family_arm_lm4_TimestampProvider_Module__state__V                                                        
20031c64  ti_sysbios_family_arm_m3_Hwi_Module__root__V                                                                        
20031c6c  ti_sysbios_gates_GateHwi_Module__root__V                                                                            
20031c74  ti_sysbios_gates_GateMutexPri_Module__root__V                                                                       
20031c7c  ti_sysbios_gates_GateMutex_Module__root__V                                                                          
20031c84  ti_sysbios_heaps_HeapBuf_Module__root__V                                                                            
20031c8c  ti_sysbios_heaps_HeapMem_Module__root__V                                                                            
20031c94  ti_sysbios_knl_Clock_Module__root__V                                                                                
20031c9c  ti_sysbios_knl_Event_Module__root__V                                                                                
20031ca4  ti_sysbios_knl_Mailbox_Module__root__V                                                                              
20031cac  ti_sysbios_knl_Queue_Module__root__V                                                                                
20031cb4  ti_sysbios_knl_Semaphore_Module__root__V                                                                            
20031cbc  ti_sysbios_knl_Task_Module__root__V                                                                                 
20031cc4  xdc_runtime_Startup_Module__state__V                                                                                
20031ccc  xdc_runtime_System_Module_State_0_atexitHandlers__A                                                                 
20031cd4  xdc_runtime_System_Module__state__V                                                                                 
20031ce2  macAddress                                                                                                          
20031d00  HTTPServer_errorResponseHook                                                                                        
20031d08  main_func_sp                                                                                                        
20031d18  _IPReasmPtr                                                                                                         
20031d2c  ti_sysbios_family_arm_m3_Hwi_Module_State_0_excContext__A                                                           
20031d30  ti_sysbios_family_arm_m3_Hwi_Module_State_0_excStack__A                                                             
20031d34  ti_sysbios_gates_GateHwi_Object__table__V                                                                           
20031d38  ti_sysbios_heaps_HeapBuf_Module__state__V                                                                           
20031d3c  ti_sysbios_knl_Task_Module_State_0_idleTask__A                                                                      
20031d40  ti_sysbios_rts_ti_ReentSupport_Module__state__V                                                                     
20031d48  xdc_runtime_Memory_Module__state__V                                                                                 
20031d4c  ti_sysbios_family_arm_m3_Hwi_Module_State_0_excActive__A                                                            
2003f800  __stack                                                                                                             
20040000  __STACK_END                                                                                                         
e000e000  ti_sysbios_family_arm_m3_Hwi_nvic                                                                                   
ffffffff  __TI_pprof_out_hndl                                                                                                 
ffffffff  __TI_prof_data_size                                                                                                 
ffffffff  __TI_prof_data_start                                                                                                
ffffffff  __binit__                                                                                                           
ffffffff  __c_args__                                                                                                          
ffffffff  binit                                                                                                               
UNDEFED   SHT$$INIT_ARRAY$$Base                                                                                               
UNDEFED   SHT$$INIT_ARRAY$$Limit                                                                                              

[2108 symbols]
